// Jest Snapshot v1, https://goo.gl/fbAQLP

exports[`test props render 1`] = `
<DocumentFragment>
  <button
    class="ant-btn ant-btn-default"
    type="button"
  >
    <span>
      xxx
    </span>
  </button>
</DocumentFragment>
`;
